.\gradlew : C:\Users\zeal\Desktop\Semester-2_Final-Project\core\src\main\java\i
o\github\superteam\resonance\devTest\universal\MultiplayerTestMenuScreen.java:1
62: error: cannot find symbol
At line:1 char:1
+ .\gradlew :core:compileJava --console=plain 2>&1 | tee compile_output ...
+ ~~~~~~~~~~~~~~~~~~~~~~~~~~~~~~~~~~~~~~~~~~~~~~~~
    + CategoryInfo          : NotSpecified: (C:\Users\zeal\D...not find symbol 
   :String) [], RemoteException
    + FullyQualifiedErrorId : NativeCommandError
 
        char c = Gdx.input.getLastCharacter();
                          ^
  symbol:   method getLastCharacter()
  location: variable input of type Input
C:\Users\zeal\Desktop\Semester-2_Final-Project\core\src\main\java\io\github\sup
erteam\resonance\devTest\universal\MultiplayerTestMenuScreen.java:245: error: 
cannot find symbol
        float textWidth = font.getBounds(text).width;
                              ^
  symbol:   method getBounds(String)
  location: variable font of type BitmapFont
2 errors

FAILURE: Build failed with an exception.

* What went wrong:
Execution failed for task ':core:compileJava'.
> Compilation failed; see the compiler output below.
  C:\Users\zeal\Desktop\Semester-2_Final-Project\core\src\main\java\io\github\s
uperteam\resonance\devTest\universal\MultiplayerTestMenuScreen.java:162: 
error: cannot find symbol
          char c = Gdx.input.getLastCharacter();
                            ^
    symbol:   method getLastCharacter()
    location: variable input of type Input
  C:\Users\zeal\Desktop\Semester-2_Final-Project\core\src\main\java\io\github\s
uperteam\resonance\devTest\universal\MultiplayerTestMenuScreen.java:245: 
error: cannot find symbol
          float textWidth = font.getBounds(text).width;
                                ^
    symbol:   method getBounds(String)
    location: variable font of type BitmapFont
  2 errors

* Try:
> Check your code and dependencies to fix the compilation error(s)
> Run with --scan to generate a Build Scan (powered by Develocity).

BUILD FAILED in 55s
